<html>
<body>
<pre>
<h1>µVision Build Log</h1>
<h2>Tool Versions:</h2>
IDE-Version: ¦ÌVision V5.22.0.0
Copyright (C) 2016 ARM Ltd and ARM Germany GmbH. All rights reserved.
License Information: 1 1, 1, LIC=V8556-DHG5L-GNVA5-GF2FJ-34TUE-SCSHR
 
Tool Versions:
Toolchain:       MDK-ARM Professional  Version: 5.22
Toolchain Path:  D:\KELI\ARM\ARMCC\Bin
C Compiler:      Armcc.exe V5.06 update 4 (build 422)
Assembler:       Armasm.exe V5.06 update 4 (build 422)
Linker/Locator:  ArmLink.exe V5.06 update 4 (build 422)
Library Manager: ArmAr.exe V5.06 update 4 (build 422)
Hex Converter:   FromElf.exe V5.06 update 4 (build 422)
CPU DLL:         SARMCM3.DLL V5.22
Dialog DLL:      DARMSTM.DLL V1.67.0.0
Target DLL:      Segger\JL2CM3.dll V2.99.23.0
Dialog DLL:      TARMSTM.DLL V1.66.0.0
 
<h2>Project:</h2>
C:\Users\Administrator\Desktop\RFID-RC522\USER\SPI.uvprojx
Project File Date:  04/19/2021

<h2>Output:</h2>
*** Using Compiler 'V5.06 update 4 (build 422)', folder: 'D:\KELI\ARM\ARMCC\Bin'
Rebuild target 'RC522'
compiling delay.c...
compiling main.c...
compiling stm32f10x_it.c...
compiling usart.c...
compiling led.c...
compiling system_stm32f10x.c...
compiling rc522.c...
assembling startup_stm32f10x_hd.s...
compiling sys.c...
compiling stm32f10x_gpio.c...
compiling misc.c...
compiling stm32f10x_fsmc.c...
compiling stm32f10x_tim.c...
compiling stm32f10x_rcc.c...
compiling core_cm3.c...
compiling stm32f10x_usart.c...
compiling stm32f10x_spi.c...
linking...
Program Size: Code=12036 RO-data=652 RW-data=184 ZI-data=1880  
FromELF: creating hex file...
"..\OBJ\SPI.axf" - 0 Error(s), 0 Warning(s).

<h2>Collection of Component include folders:</h2>
  C:\Users\Administrator\Desktop\RFID-RC522\USER\RTE\_RC522
  D:\KELI\ARM\PACK\Keil\STM32F1xx_DFP\2.1.0\Device\Include

<h2>Collection of Component Files used:</h2>
Build Time Elapsed:  00:00:07
</pre>
</body>
</html>
